[$DIR/virtual-call-attrs-issue-137646.rs:38:5] v = (
    498486832,
    22093,
    498491440,
)
[$DIR/virtual-call-attrs-issue-137646.rs:38:5] v = (
    0,
    0,
    0,
)
[$DIR/virtual-call-attrs-issue-137646.rs:38:5] v = (
    0,
    0,
    0,
)
[$DIR/virtual-call-attrs-issue-137646.rs:38:5] v = (
    0,
    0,
    0,
)
